cargo :     Finished `test` profile [unoptimized + debuginfo] target(s) in 0.79s
所在位置 行:1 字符: 1
+ cargo test bridge_all_branches_including_concurrent -- --nocapture >  ...
+ ~~~~~~~~~~~~~~~~~~~~~~~~~~~~~~~~~~~~~~~~~~~~~~~~~~~~~~~~~~~~~~~~~~~~~
    + CategoryInfo          : NotSpecified: (    Finished `t...get(s) in 0.79s:String) [], RemoteException
    + FullyQualifiedErrorId : NativeCommandError
 
     Running unittests src\lib.rs (target\debug\deps\defi_hot_wallet-efcc0e2a6b62cf05.exe)

running 0 tests

test result: ok. 0 passed; 0 failed; 0 ignored; 0 measured; 136 filtered out; finished in 0.00s

     Running unittests src\bin\bridge_test.rs (target\debug\deps\bridge_test-0ac72cce1d976e81.exe)

running 0 tests

test result: ok. 0 passed; 0 failed; 0 ignored; 0 measured; 8 filtered out; finished in 0.00s

     Running unittests src\main.rs (target\debug\deps\hot_wallet-5d6c2bf6b48e6a70.exe)

running 0 tests

test result: ok. 0 passed; 0 failed; 0 ignored; 0 measured; 0 filtered out; finished in 0.00s

     Running unittests src\bin\wallet-cli.rs (target\debug\deps\wallet_cli-99ac77b3b15de690.exe)

running 0 tests

test result: ok. 0 passed; 0 failed; 0 ignored; 0 measured; 0 filtered out; finished in 0.00s

     Running tests\api_handlers_tests.rs (target\debug\deps\api_handlers_tests-68523a9478f33398.exe)

running 0 tests

test result: ok. 0 passed; 0 failed; 0 ignored; 0 measured; 11 filtered out; finished in 0.00s

     Running tests\api_server_tests.rs (target\debug\deps\api_server_tests-67f98e802e8494f5.exe)

running 1 test
[storage] connecting to db_url=sqlite://:memory:?cache=shared
DEBUG_BRIDGE_ERROR: CryptoError("Crypto error: AES decryption failed: aead::Error")

thread 'bridge_all_branches_including_concurrent' panicked at tests\api_server_tests.rs:577:5:
assertion `left == right` failed: Expected OK status for bridge request
  left: 500
 right: 200
stack backtrace:
   0: std::panicking::begin_panic_handler
             at /rustc/1159e78c4747b02ef996e55082b704c09b970588/library\std\src\panicking.rs:697
   1: core::panicking::panic_fmt
             at /rustc/1159e78c4747b02ef996e55082b704c09b970588/library\core\src\panicking.rs:75
   2: core::panicking::assert_failed_inner
             at /rustc/1159e78c4747b02ef996e55082b704c09b970588/library\core\src\panicking.rs:443
   3: core::panicking::assert_failed<http::status::StatusCode,http::status::StatusCode>
             at C:\Users\plant\.rustup\toolchains\stable-x86_64-pc-windows-msvc\lib\rustlib\src\rust\library\core\src\p
anicking.rs:403
   4: api_server_tests::bridge_all_branches_including_concurrent::async_block$0
             at .\tests\api_server_tests.rs:577
   5: core::future::future::impl$1::poll<ref_mut$<dyn$<core::future::future::Future<assoc$<Output,tuple$<> > > > > >
             at C:\Users\plant\.rustup\toolchains\stable-x86_64-pc-windows-msvc\lib\rustlib\src\rust\library\core\src\f
uture\future.rs:133
   6: core::future::future::impl$1::poll<ref_mut$<core::pin::Pin<ref_mut$<dyn$<core::future::future::Future<assoc$<Outp
ut,tuple$<> > > > > > > >
             at C:\Users\plant\.rustup\toolchains\stable-x86_64-pc-windows-msvc\lib\rustlib\src\rust\library\core\src\f
uture\future.rs:133
   7: tokio::runtime::scheduler::current_thread::impl$8::block_on::closure$0::closure$0::closure$0<core::pin::Pin<ref_m
ut$<core::pin::Pin<ref_mut$<dyn$<core::future::future::Future<assoc$<Output,tuple$<> > > > > > > > >
             at C:\Users\plant\.cargo\registry\src\mirrors.ustc.edu.cn-04b7754156161b43\tokio-1.47.1\src\runtime\schedu
ler\current_thread\mod.rs:742
   8: tokio::task::coop::with_budget
             at C:\Users\plant\.cargo\registry\src\mirrors.ustc.edu.cn-04b7754156161b43\tokio-1.47.1\src\task\coop\mod.
rs:167
   9: tokio::task::coop::budget
             at C:\Users\plant\.cargo\registry\src\mirrors.ustc.edu.cn-04b7754156161b43\tokio-1.47.1\src\task\coop\mod.
rs:133
  10: tokio::runtime::scheduler::current_thread::impl$8::block_on::closure$0::closure$0<core::pin::Pin<ref_mut$<core::p
in::Pin<ref_mut$<dyn$<core::future::future::Future<assoc$<Output,tuple$<> > > > > > > > >
             at C:\Users\plant\.cargo\registry\src\mirrors.ustc.edu.cn-04b7754156161b43\tokio-1.47.1\src\runtime\schedu
ler\current_thread\mod.rs:742
  11: tokio::runtime::scheduler::current_thread::Context::enter<enum2$<core::task::poll::Poll<tuple$<> > >,tokio::runti
me::scheduler::current_thread::impl$8::block_on::closure$0::closure_env$0<core::pin::Pin<ref_mut$<core::pin::Pin<ref_mu
t$<dyn$<core::future::fu
             at C:\Users\plant\.cargo\registry\src\mirrors.ustc.edu.cn-04b7754156161b43\tokio-1.47.1\src\runtime\schedu
ler\current_thread\mod.rs:432
  12: tokio::runtime::scheduler::current_thread::impl$8::block_on::closure$0<core::pin::Pin<ref_mut$<core::pin::Pin<ref
_mut$<dyn$<core::future::future::Future<assoc$<Output,tuple$<> > > > > > > > >
             at C:\Users\plant\.cargo\registry\src\mirrors.ustc.edu.cn-04b7754156161b43\tokio-1.47.1\src\runtime\schedu
ler\current_thread\mod.rs:741
  13: tokio::runtime::scheduler::current_thread::impl$8::enter::closure$0<tokio::runtime::scheduler::current_thread::im
pl$8::block_on::closure_env$0<core::pin::Pin<ref_mut$<core::pin::Pin<ref_mut$<dyn$<core::future::future::Future<assoc$<
Output,tuple$<> > > > > 
             at C:\Users\plant\.cargo\registry\src\mirrors.ustc.edu.cn-04b7754156161b43\tokio-1.47.1\src\runtime\schedu
ler\current_thread\mod.rs:829
  14: tokio::runtime::context::scoped::Scoped<enum2$<tokio::runtime::scheduler::Context> >::set<enum2$<tokio::runtime::
scheduler::Context>,tokio::runtime::scheduler::current_thread::impl$8::enter::closure_env$0<tokio::runtime::scheduler::
current_thread::impl$8::
             at C:\Users\plant\.cargo\registry\src\mirrors.ustc.edu.cn-04b7754156161b43\tokio-1.47.1\src\runtime\contex
t\scoped.rs:40
  15: tokio::runtime::context::set_scheduler::closure$0<tuple$<alloc::boxed::Box<tokio::runtime::scheduler::current_thr
ead::Core,alloc::alloc::Global>,enum2$<core::option::Option<tuple$<> > > >,tokio::runtime::scheduler::current_thread::i
mpl$8::enter::closure_en
             at C:\Users\plant\.cargo\registry\src\mirrors.ustc.edu.cn-04b7754156161b43\tokio-1.47.1\src\runtime\contex
t.rs:176
  16: std::thread::local::LocalKey<tokio::runtime::context::Context>::try_with<tokio::runtime::context::Context,tokio::
runtime::context::set_scheduler::closure_env$0<tuple$<alloc::boxed::Box<tokio::runtime::scheduler::current_thread::Core
,alloc::alloc::Global>,e
             at C:\Users\plant\.rustup\toolchains\stable-x86_64-pc-windows-msvc\lib\rustlib\src\rust\library\std\src\th
read\local.rs:315
  17: std::thread::local::LocalKey<tokio::runtime::context::Context>::with<tokio::runtime::context::Context,tokio::runt
ime::context::set_scheduler::closure_env$0<tuple$<alloc::boxed::Box<tokio::runtime::scheduler::current_thread::Core,all
oc::alloc::Global>,enum2
             at C:\Users\plant\.rustup\toolchains\stable-x86_64-pc-windows-msvc\lib\rustlib\src\rust\library\std\src\th
read\local.rs:279
  18: tokio::runtime::context::set_scheduler<tuple$<alloc::boxed::Box<tokio::runtime::scheduler::current_thread::Core,a
lloc::alloc::Global>,enum2$<core::option::Option<tuple$<> > > >,tokio::runtime::scheduler::current_thread::impl$8::ente
r::closure_env$0<tokio::
             at C:\Users\plant\.cargo\registry\src\mirrors.ustc.edu.cn-04b7754156161b43\tokio-1.47.1\src\runtime\contex
t.rs:176
  19: tokio::runtime::scheduler::current_thread::CoreGuard::enter<tokio::runtime::scheduler::current_thread::impl$8::bl
ock_on::closure_env$0<core::pin::Pin<ref_mut$<core::pin::Pin<ref_mut$<dyn$<core::future::future::Future<assoc$<Output,t
uple$<> > > > > > > > >,
             at C:\Users\plant\.cargo\registry\src\mirrors.ustc.edu.cn-04b7754156161b43\tokio-1.47.1\src\runtime\schedu
ler\current_thread\mod.rs:829
  20: tokio::runtime::scheduler::current_thread::CoreGuard::block_on<core::pin::Pin<ref_mut$<core::pin::Pin<ref_mut$<dy
n$<core::future::future::Future<assoc$<Output,tuple$<> > > > > > > > >
             at C:\Users\plant\.cargo\registry\src\mirrors.ustc.edu.cn-04b7754156161b43\tokio-1.47.1\src\runtime\schedu
ler\current_thread\mod.rs:729
  21: tokio::runtime::scheduler::current_thread::impl$0::block_on::closure$0<core::pin::Pin<ref_mut$<dyn$<core::future:
:future::Future<assoc$<Output,tuple$<> > > > > > >
             at C:\Users\plant\.cargo\registry\src\mirrors.ustc.edu.cn-04b7754156161b43\tokio-1.47.1\src\runtime\schedu
ler\current_thread\mod.rs:200
  22: tokio::runtime::context::runtime::enter_runtime<tokio::runtime::scheduler::current_thread::impl$0::block_on::clos
ure_env$0<core::pin::Pin<ref_mut$<dyn$<core::future::future::Future<assoc$<Output,tuple$<> > > > > > >,tuple$<> >
             at C:\Users\plant\.cargo\registry\src\mirrors.ustc.edu.cn-04b7754156161b43\tokio-1.47.1\src\runtime\contex
t\runtime.rs:65
  23: tokio::runtime::scheduler::current_thread::CurrentThread::block_on<core::pin::Pin<ref_mut$<dyn$<core::future::fut
ure::Future<assoc$<Output,tuple$<> > > > > > >
             at C:\Users\plant\.cargo\registry\src\mirrors.ustc.edu.cn-04b7754156161b43\tokio-1.47.1\src\runtime\schedu
ler\current_thread\mod.rs:188
  24: tokio::runtime::runtime::Runtime::block_on_inner<core::pin::Pin<ref_mut$<dyn$<core::future::future::Future<assoc$
<Output,tuple$<> > > > > > >
             at C:\Users\plant\.cargo\registry\src\mirrors.ustc.edu.cn-04b7754156161b43\tokio-1.47.1\src\runtime\runtim
e.rs:356
  25: tokio::runtime::runtime::Runtime::block_on<core::pin::Pin<ref_mut$<dyn$<core::future::future::Future<assoc$<Outpu
t,tuple$<> > > > > > >
             at C:\Users\plant\.cargo\registry\src\mirrors.ustc.edu.cn-04b7754156161b43\tokio-1.47.1\src\runtime\runtim
e.rs:330
  26: api_server_tests::bridge_all_branches_including_concurrent
             at .\tests\api_server_tests.rs:594
  27: api_server_tests::bridge_all_branches_including_concurrent::closure$0
             at .\tests\api_server_tests.rs:532
  28: core::ops::function::FnOnce::call_once<api_server_tests::bridge_all_branches_including_concurrent::closure_env$0,
tuple$<> >
             at C:\Users\plant\.rustup\toolchains\stable-x86_64-pc-windows-msvc\lib\rustlib\src\rust\library\core\src\o
ps\function.rs:253
  29: core::ops::function::FnOnce::call_once
             at /rustc/1159e78c4747b02ef996e55082b704c09b970588/library\core\src\ops\function.rs:253
note: Some details are omitted, run with `RUST_BACKTRACE=full` for a verbose backtrace.
test bridge_all_branches_including_concurrent ... FAILED

failures:

failures:
    bridge_all_branches_including_concurrent

test result: FAILED. 0 passed; 1 failed; 0 ignored; 0 measured; 20 filtered out; finished in 4.45s

error: test failed, to rerun pass `--test api_server_tests`
